Drill report for agentping-carrier.kicad_pcb
Created on 2026-09-02T19:41:56+0000

Copper Layer Stackup:
    =============================================================
    L1 :  F.Cu                      front
    L2 :  B.Cu                      back


Drill file 'agentping-carrier-PTH.drl' contains
    plated through holes:
    =============================================================
    T1  0.300mm  0.0118"  (7 holes)
    T2  0.600mm  0.0236"  (4 holes)  (with 4 slots)
    T3  0.750mm  0.0295"  (2 holes)
    T4  1.000mm  0.0394"  (20 holes)

    Total plated holes count 33


Drill file 'agentping-carrier-NPTH.drl' contains
    unplated through holes:
    =============================================================
    T1  0.650mm  0.0256"  (2 holes)
    T2  2.200mm  0.0866"  (4 holes)
    T3  3.200mm  0.1260"  (4 holes)

    Total unplated holes count 10
